// Jest Snapshot v1, https://goo.gl/fbAQLP

exports[`Price summary should match snapshot 1`] = `
Object {
  "asFragment": [Function],
  "baseElement": <body>
    <div>
      <ul
        class="sc-gtssRu deunSs"
        data-testid="price-summary"
        width="290px,450px"
      >
        <li
          class="sc-bdnylx"
        >
          <div
            class="sc-dlnjPT sc-hKFyIo fTRecQ"
            display="flex"
          >
            <span
              class="sc-eCApGN iDQzKM"
            >
              Chicken Sausage & Spinach Ravioli
            </span>
            <span
              class="sc-eCApGN iDQzKM"
            >
              $17.98
            </span>
          </div>
        </li>
        <li
          class="sc-bdnylx"
        >
          <div
            class="sc-dlnjPT sc-hKFyIo fTRecQ"
            display="flex"
          >
            <span
              class="sc-eCApGN iDQzKM"
            >
              Gouda Vibes Burgers
               x 2
            </span>
            <span
              class="sc-eCApGN iDQzKM"
            >
              $35.96
            </span>
          </div>
        </li>
        <li
          class="sc-bdnylx"
        >
          <div
            class="sc-dlnjPT sc-hKFyIo fTRecQ"
            display="flex"
          >
            <span
              class="sc-eCApGN iDQzKM"
            >
              Figgy Balsamic Pork
            </span>
            <span
              class="sc-eCApGN iDQzKM"
            >
              $17.98
            </span>
          </div>
        </li>
        <li
          class="sc-bdnylx"
        >
          <div
            class="sc-dlnjPT sc-hKFyIo fTRecQ"
            display="flex"
          >
            <span
              class="sc-eCApGN iDQzKM"
            >
              Duck a l’Orange
            </span>
            <span
              class="sc-eCApGN iDQzKM"
            >
              $29.96
            </span>
          </div>
        </li>
        <li
          class="sc-bdnylx"
        >
          <div
            class="sc-dlnjPT sc-hKFyIo fTRecQ"
            display="flex"
          >
            <span
              class="sc-eCApGN iDQzKM"
            >
              Shipping
            </span>
            <span
              class="sc-eCApGN iDQzKM"
            >
              $12.98
            </span>
          </div>
        </li>
        <li
          class="sc-bdnylx"
        >
          <div
            class="sc-dlnjPT sc-hKFyIo eNIeVt"
            display="flex"
          >
            <span
              class="sc-eCApGN fLyelG"
              font-weight="bold"
            >
              Total
            </span>
            <span
              class="sc-eCApGN fLyelG"
              font-weight="bold"
            >
              $114.86
            </span>
          </div>
        </li>
      </ul>
    </div>
  </body>,
  "container": <div>
    <ul
      class="sc-gtssRu deunSs"
      data-testid="price-summary"
      width="290px,450px"
    >
      <li
        class="sc-bdnylx"
      >
        <div
          class="sc-dlnjPT sc-hKFyIo fTRecQ"
          display="flex"
        >
          <span
            class="sc-eCApGN iDQzKM"
          >
            Chicken Sausage & Spinach Ravioli
          </span>
          <span
            class="sc-eCApGN iDQzKM"
          >
            $17.98
          </span>
        </div>
      </li>
      <li
        class="sc-bdnylx"
      >
        <div
          class="sc-dlnjPT sc-hKFyIo fTRecQ"
          display="flex"
        >
          <span
            class="sc-eCApGN iDQzKM"
          >
            Gouda Vibes Burgers
             x 2
          </span>
          <span
            class="sc-eCApGN iDQzKM"
          >
            $35.96
          </span>
        </div>
      </li>
      <li
        class="sc-bdnylx"
      >
        <div
          class="sc-dlnjPT sc-hKFyIo fTRecQ"
          display="flex"
        >
          <span
            class="sc-eCApGN iDQzKM"
          >
            Figgy Balsamic Pork
          </span>
          <span
            class="sc-eCApGN iDQzKM"
          >
            $17.98
          </span>
        </div>
      </li>
      <li
        class="sc-bdnylx"
      >
        <div
          class="sc-dlnjPT sc-hKFyIo fTRecQ"
          display="flex"
        >
          <span
            class="sc-eCApGN iDQzKM"
          >
            Duck a l’Orange
          </span>
          <span
            class="sc-eCApGN iDQzKM"
          >
            $29.96
          </span>
        </div>
      </li>
      <li
        class="sc-bdnylx"
      >
        <div
          class="sc-dlnjPT sc-hKFyIo fTRecQ"
          display="flex"
        >
          <span
            class="sc-eCApGN iDQzKM"
          >
            Shipping
          </span>
          <span
            class="sc-eCApGN iDQzKM"
          >
            $12.98
          </span>
        </div>
      </li>
      <li
        class="sc-bdnylx"
      >
        <div
          class="sc-dlnjPT sc-hKFyIo eNIeVt"
          display="flex"
        >
          <span
            class="sc-eCApGN fLyelG"
            font-weight="bold"
          >
            Total
          </span>
          <span
            class="sc-eCApGN fLyelG"
            font-weight="bold"
          >
            $114.86
          </span>
        </div>
      </li>
    </ul>
  </div>,
  "debug": [Function],
  "findAllByAltText": [Function],
  "findAllByDisplayValue": [Function],
  "findAllByLabelText": [Function],
  "findAllByPlaceholderText": [Function],
  "findAllByRole": [Function],
  "findAllByTestId": [Function],
  "findAllByText": [Function],
  "findAllByTitle": [Function],
  "findByAltText": [Function],
  "findByDisplayValue": [Function],
  "findByLabelText": [Function],
  "findByPlaceholderText": [Function],
  "findByRole": [Function],
  "findByTestId": [Function],
  "findByText": [Function],
  "findByTitle": [Function],
  "getAllByAltText": [Function],
  "getAllByDisplayValue": [Function],
  "getAllByLabelText": [Function],
  "getAllByPlaceholderText": [Function],
  "getAllByRole": [Function],
  "getAllByTestId": [Function],
  "getAllByText": [Function],
  "getAllByTitle": [Function],
  "getByAltText": [Function],
  "getByDisplayValue": [Function],
  "getByLabelText": [Function],
  "getByPlaceholderText": [Function],
  "getByRole": [Function],
  "getByTestId": [Function],
  "getByText": [Function],
  "getByTitle": [Function],
  "queryAllByAltText": [Function],
  "queryAllByDisplayValue": [Function],
  "queryAllByLabelText": [Function],
  "queryAllByPlaceholderText": [Function],
  "queryAllByRole": [Function],
  "queryAllByTestId": [Function],
  "queryAllByText": [Function],
  "queryAllByTitle": [Function],
  "queryByAltText": [Function],
  "queryByDisplayValue": [Function],
  "queryByLabelText": [Function],
  "queryByPlaceholderText": [Function],
  "queryByRole": [Function],
  "queryByTestId": [Function],
  "queryByText": [Function],
  "queryByTitle": [Function],
  "rerender": [Function],
  "unmount": [Function],
}
`;
